+                           
|                           
|___-                       
|   |                       
|   |___mod                 
|   |   |                   
|   |   |___'gsdfhgjkdhgkdh'
|   |   |                   
|   |   |___35              
|   |                       
|   |___10                  
|                           
|___*                       
    |                       
    |___-                   
    |   |                   
    |   |___7.5             
    |                       
    |___a                   
