<>                       
|                        
|___+                    
|   |                    
|   |___-                
|   |   |                
|   |   |___dsgjhjsghj   
|   |                    
|   |___mod              
|       |                
|       |___/            
|       |   |            
|       |   |___10       
|       |   |            
|       |   |___'ddsfgfg'
|       |                
|       |___2            
|                        
|___4                    
