*                 
|                 
|___shr           
|   |             
|   |___div       
|   |   |         
|   |   |___1.e-5 
|   |   |         
|   |   |___356   
|   |             
|   |___-         
|       |         
|       |___10    
|       |         
|       |___r     
|                 
|___+             
    |             
    |___'A'       
    |             
    |___+         
        |         
        |___+     
            |     
            |___tt
