+              
|              
|___*          
|   |          
|   |___-      
|   |   |      
|   |   |___p2x
|   |   |      
|   |   |___p1x
|   |          
|   |___-      
|       |      
|       |___p2x
|       |      
|       |___p1x
|              
|___*          
    |          
    |___-      
    |   |      
    |   |___p2y
    |   |      
    |   |___p1y
    |          
    |___-      
        |      
        |___p2y
        |      
        |___p1y
