+                
|                
|___a            
|                
|___=            
    |            
    |___b        
    |            
    |___+        
        |        
        |___+    
        |   |    
        |   |___c
        |   |    
        |   |___d
        |        
        |___e    
