<=                     
|                      
|___<>                 
|   |                  
|   |___a              
|   |                  
|   |___-              
|       |              
|       |___+          
|       |   |          
|       |   |___b      
|       |   |          
|       |   |___*      
|       |       |      
|       |       |___c  
|       |       |      
|       |       |___2  
|       |              
|       |___56         
|                      
|___shr                
    |                  
    |___xor            
    |   |              
    |   |___d          
    |   |              
    |   |___5          
    |                  
    |___or             
        |              
        |___>          
        |   |          
        |   |___4      
        |   |          
        |   |___r      
        |              
        |___>=         
            |          
            |___67     
            |          
            |___'fffff'
