+             
|             
|___[]        
|   |         
|   |___a     
|   |         
|   |___i     
|             
|___*         
    |         
    |___()    
    |   |     
    |   |___fr
    |   |     
    |   |___t 
    |   |     
    |   |___hh
    |   |     
    |   |___1 
    |         
    |___.     
        |     
        |___ab
        |     
        |___c 
